============================= test session starts =============================
platform win32 -- Python 3.14.3, pytest-9.0.3, pluggy-1.6.0
rootdir: C:\Users\User\Desktop\PREMIER-LEAGUE-ML
configfile: pyproject.toml
plugins: anyio-4.13.0
collected 1 item

tests\test_api_smoke.py F                                                [100%]

================================== FAILURES ===================================
E   AttributeError: 'SimpleImputer' object has no attribute '_fill_dtype'. Did you mean: '_fit_dtype'?
------------------------------ Captured log call ------------------------------
ERROR    match_predictor_api:errors.py:50 Unhandled error while serving request.
Traceback (most recent call last):
  File "C:\Users\User\AppData\Local\Python\pythoncore-3.14-64\Lib\site-packages\starlette\middleware\errors.py", line 164, in __call__
    await self.app(scope, receive, _send)
  File "C:\Users\User\AppData\Local\Python\pythoncore-3.14-64\Lib\site-packages\starlette\middleware\base.py", line 191, in __call__
    with recv_stream, send_stream, collapse_excgroups():
                                   ~~~~~~~~~~~~~~~~~~^^
  File "C:\Users\User\AppData\Local\Python\pythoncore-3.14-64\Lib\contextlib.py", line 162, in __exit__
    self.gen.throw(value)
    ~~~~~~~~~~~~~~^^^^^^^
  File "C:\Users\User\AppData\Local\Python\pythoncore-3.14-64\Lib\site-packages\starlette\_utils.py", line 87, in collapse_excgroups
    raise exc
  File "C:\Users\User\AppData\Local\Python\pythoncore-3.14-64\Lib\site-packages\starlette\middleware\base.py", line 193, in __call__
    response = await self.dispatch_func(request, call_next)
               ^^^^^^^^^^^^^^^^^^^^^^^^^^^^^^^^^^^^^^^^^^^^
  File "C:\Users\User\Desktop\PREMIER-LEAGUE-ML\api\middleware\logging.py", line 18, in dispatch
    response = await call_next(request)
               ^^^^^^^^^^^^^^^^^^^^^^^^
  File "C:\Users\User\AppData\Local\Python\pythoncore-3.14-64\Lib\site-packages\starlette\middleware\base.py", line 168, in call_next
    raise app_exc from app_exc.__cause__ or app_exc.__context__
  File "C:\Users\User\AppData\Local\Python\pythoncore-3.14-64\Lib\site-packages\starlette\middleware\base.py", line 144, in coro
    await self.app(scope, receive_or_disconnect, send_no_error)
  File "C:\Users\User\AppData\Local\Python\pythoncore-3.14-64\Lib\site-packages\starlette\middleware\cors.py", line 88, in __call__
    await self.app(scope, receive, send)
  File "C:\Users\User\AppData\Local\Python\pythoncore-3.14-64\Lib\site-packages\starlette\middleware\exceptions.py", line 63, in __call__
    await wrap_app_handling_exceptions(self.app, conn)(scope, receive, send)
  File "C:\Users\User\AppData\Local\Python\pythoncore-3.14-64\Lib\site-packages\starlette\_exception_handler.py", line 53, in wrapped_app
    raise exc
  File "C:\Users\User\AppData\Local\Python\pythoncore-3.14-64\Lib\site-packages\starlette\_exception_handler.py", line 42, in wrapped_app
    await app(scope, receive, sender)
  File "C:\Users\User\AppData\Local\Python\pythoncore-3.14-64\Lib\site-packages\fastapi\middleware\asyncexitstack.py", line 18, in __call__
    await self.app(scope, receive, send)
  File "C:\Users\User\AppData\Local\Python\pythoncore-3.14-64\Lib\site-packages\starlette\routing.py", line 660, in __call__
    await self.middleware_stack(scope, receive, send)
  File "C:\Users\User\AppData\Local\Python\pythoncore-3.14-64\Lib\site-packages\starlette\routing.py", line 680, in app
    await route.handle(scope, receive, send)
  File "C:\Users\User\AppData\Local\Python\pythoncore-3.14-64\Lib\site-packages\starlette\routing.py", line 276, in handle
    await self.app(scope, receive, send)
  File "C:\Users\User\AppData\Local\Python\pythoncore-3.14-64\Lib\site-packages\fastapi\routing.py", line 134, in app
    await wrap_app_handling_exceptions(app, request)(scope, receive, send)
  File "C:\Users\User\AppData\Local\Python\pythoncore-3.14-64\Lib\site-packages\starlette\_exception_handler.py", line 53, in wrapped_app
    raise exc
  File "C:\Users\User\AppData\Local\Python\pythoncore-3.14-64\Lib\site-packages\starlette\_exception_handler.py", line 42, in wrapped_app
    await app(scope, receive, sender)
  File "C:\Users\User\AppData\Local\Python\pythoncore-3.14-64\Lib\site-packages\fastapi\routing.py", line 120, in app
    response = await f(request)
               ^^^^^^^^^^^^^^^^
  File "C:\Users\User\AppData\Local\Python\pythoncore-3.14-64\Lib\site-packages\fastapi\routing.py", line 674, in app
    raw_response = await run_endpoint_function(
                   ^^^^^^^^^^^^^^^^^^^^^^^^^^^^
    ...<3 lines>...
    )
    ^
  File "C:\Users\User\AppData\Local\Python\pythoncore-3.14-64\Lib\site-packages\fastapi\routing.py", line 330, in run_endpoint_function
    return await run_in_threadpool(dependant.call, **values)
           ^^^^^^^^^^^^^^^^^^^^^^^^^^^^^^^^^^^^^^^^^^^^^^^^^
  File "C:\Users\User\AppData\Local\Python\pythoncore-3.14-64\Lib\site-packages\starlette\concurrency.py", line 32, in run_in_threadpool
    return await anyio.to_thread.run_sync(func)
           ^^^^^^^^^^^^^^^^^^^^^^^^^^^^^^^^^^^^
  File "C:\Users\User\AppData\Local\Python\pythoncore-3.14-64\Lib\site-packages\anyio\to_thread.py", line 63, in run_sync
    return await get_async_backend().run_sync_in_worker_thread(
           ^^^^^^^^^^^^^^^^^^^^^^^^^^^^^^^^^^^^^^^^^^^^^^^^^^^^
        func, args, abandon_on_cancel=abandon_on_cancel, limiter=limiter
        ^^^^^^^^^^^^^^^^^^^^^^^^^^^^^^^^^^^^^^^^^^^^^^^^^^^^^^^^^^^^^^^^
    )
    ^
  File "C:\Users\User\AppData\Local\Python\pythoncore-3.14-64\Lib\site-packages\anyio\_backends\_asyncio.py", line 2518, in run_sync_in_worker_thread
    return await future
           ^^^^^^^^^^^^
  File "C:\Users\User\AppData\Local\Python\pythoncore-3.14-64\Lib\site-packages\anyio\_backends\_asyncio.py", line 1002, in run
    result = context.run(func, *args)
  File "C:\Users\User\Desktop\PREMIER-LEAGUE-ML\api\routes\predictions.py", line 57, in predict_full
    result = prediction_service.predict_full(payload.model_id, frame)
  File "C:\Users\User\Desktop\PREMIER-LEAGUE-ML\api\services\prediction_service.py", line 48, in predict_full
    stage1_predictions = self._predict_stage1(bundle, frame)
  File "C:\Users\User\Desktop\PREMIER-LEAGUE-ML\api\services\prediction_service.py", line 87, in _predict_stage1
    raw_predictions = np.asarray(bundle.regressor.predict(stage1_frame))
                                 ~~~~~~~~~~~~~~~~~~~~~~~~^^^^^^^^^^^^^^
  File "C:\Users\User\AppData\Local\Python\pythoncore-3.14-64\Lib\site-packages\sklearn\pipeline.py", line 745, in predict
    Xt = transform.transform(Xt)
  File "C:\Users\User\AppData\Local\Python\pythoncore-3.14-64\Lib\site-packages\sklearn\utils\_set_output.py", line 316, in wrapped
    data_to_wrap = f(self, X, *args, **kwargs)
  File "C:\Users\User\AppData\Local\Python\pythoncore-3.14-64\Lib\site-packages\sklearn\impute\_base.py", line 632, in transform
    self._fill_dtype, copy=False
    ^^^^^^^^^^^^^^^^
AttributeError: 'SimpleImputer' object has no attribute '_fill_dtype'. Did you mean: '_fit_dtype'?
C:\Users\User\AppData\Local\Python\pythoncore-3.14-64\Lib\site-packages\sklearn\impute\_base.py:632: AttributeError: 'SimpleImputer' object has no attribute '_fill_dtype'. Did you mean: '_fit_dtype'?
============================== warnings summary ===============================
tests/test_api_smoke.py::test_api_predict_full_with_real_match_features_row
  C:\Users\User\AppData\Local\Python\pythoncore-3.14-64\Lib\site-packages\sklearn\base.py:463: InconsistentVersionWarning: Trying to unpickle estimator SimpleImputer from version 1.7.1 when using version 1.8.0. This might lead to breaking code or invalid results. Use at your own risk. For more info please refer to:
  https://scikit-learn.org/stable/model_persistence.html#security-maintainability-limitations
    warnings.warn(

tests/test_api_smoke.py::test_api_predict_full_with_real_match_features_row
  C:\Users\User\AppData\Local\Python\pythoncore-3.14-64\Lib\site-packages\sklearn\base.py:463: InconsistentVersionWarning: Trying to unpickle estimator DecisionTreeRegressor from version 1.7.1 when using version 1.8.0. This might lead to breaking code or invalid results. Use at your own risk. For more info please refer to:
  https://scikit-learn.org/stable/model_persistence.html#security-maintainability-limitations
    warnings.warn(

tests/test_api_smoke.py::test_api_predict_full_with_real_match_features_row
  C:\Users\User\AppData\Local\Python\pythoncore-3.14-64\Lib\site-packages\sklearn\base.py:463: InconsistentVersionWarning: Trying to unpickle estimator RandomForestRegressor from version 1.7.1 when using version 1.8.0. This might lead to breaking code or invalid results. Use at your own risk. For more info please refer to:
  https://scikit-learn.org/stable/model_persistence.html#security-maintainability-limitations
    warnings.warn(

tests/test_api_smoke.py::test_api_predict_full_with_real_match_features_row
  C:\Users\User\AppData\Local\Python\pythoncore-3.14-64\Lib\site-packages\sklearn\base.py:463: InconsistentVersionWarning: Trying to unpickle estimator Pipeline from version 1.7.1 when using version 1.8.0. This might lead to breaking code or invalid results. Use at your own risk. For more info please refer to:
  https://scikit-learn.org/stable/model_persistence.html#security-maintainability-limitations
    warnings.warn(

tests/test_api_smoke.py::test_api_predict_full_with_real_match_features_row
  C:\Users\User\AppData\Local\Python\pythoncore-3.14-64\Lib\site-packages\sklearn\base.py:463: InconsistentVersionWarning: Trying to unpickle estimator StandardScaler from version 1.7.1 when using version 1.8.0. This might lead to breaking code or invalid results. Use at your own risk. For more info please refer to:
  https://scikit-learn.org/stable/model_persistence.html#security-maintainability-limitations
    warnings.warn(

tests/test_api_smoke.py::test_api_predict_full_with_real_match_features_row
  C:\Users\User\AppData\Local\Python\pythoncore-3.14-64\Lib\site-packages\sklearn\base.py:463: InconsistentVersionWarning: Trying to unpickle estimator NearestNeighbors from version 1.7.1 when using version 1.8.0. This might lead to breaking code or invalid results. Use at your own risk. For more info please refer to:
  https://scikit-learn.org/stable/model_persistence.html#security-maintainability-limitations
    warnings.warn(

tests/test_api_smoke.py::test_api_predict_full_with_real_match_features_row
  C:\Users\User\AppData\Local\Python\pythoncore-3.14-64\Lib\site-packages\sklearn\base.py:463: InconsistentVersionWarning: Trying to unpickle estimator LabelBinarizer from version 1.7.1 when using version 1.8.0. This might lead to breaking code or invalid results. Use at your own risk. For more info please refer to:
  https://scikit-learn.org/stable/model_persistence.html#security-maintainability-limitations
    warnings.warn(

tests/test_api_smoke.py::test_api_predict_full_with_real_match_features_row
  C:\Users\User\AppData\Local\Python\pythoncore-3.14-64\Lib\site-packages\sklearn\base.py:463: InconsistentVersionWarning: Trying to unpickle estimator RidgeClassifier from version 1.7.1 when using version 1.8.0. This might lead to breaking code or invalid results. Use at your own risk. For more info please refer to:
  https://scikit-learn.org/stable/model_persistence.html#security-maintainability-limitations
    warnings.warn(

tests/test_api_smoke.py::test_api_predict_full_with_real_match_features_row
  C:\Users\User\AppData\Local\Python\pythoncore-3.14-64\Lib\site-packages\sklearn\base.py:463: InconsistentVersionWarning: Trying to unpickle estimator ElasticNet from version 1.7.1 when using version 1.8.0. This might lead to breaking code or invalid results. Use at your own risk. For more info please refer to:
  https://scikit-learn.org/stable/model_persistence.html#security-maintainability-limitations
    warnings.warn(

tests/test_api_smoke.py::test_api_predict_full_with_real_match_features_row
  C:\Users\User\AppData\Local\Python\pythoncore-3.14-64\Lib\site-packages\sklearn\base.py:463: InconsistentVersionWarning: Trying to unpickle estimator Ridge from version 1.7.1 when using version 1.8.0. This might lead to breaking code or invalid results. Use at your own risk. For more info please refer to:
  https://scikit-learn.org/stable/model_persistence.html#security-maintainability-limitations
    warnings.warn(

-- Docs: https://docs.pytest.org/en/stable/how-to/capture-warnings.html
=========================== short test summary info ===========================
FAILED tests/test_api_smoke.py::test_api_predict_full_with_real_match_features_row
======================= 1 failed, 10 warnings in 5.27s ========================
